[debug] [2026-09-15T20:48:46.944Z] ----------------------------------------------------------------------
[debug] [2026-09-15T20:48:46.949Z] Command:       C:\Program Files\nodejs\node.exe C:\Users\ABHISHEK\AppData\Roaming\npm\node_modules\firebase-tools\lib\bin\firebase.js init
[debug] [2026-09-15T20:48:46.949Z] CLI Version:   15.23.0
[debug] [2026-09-15T20:48:46.950Z] Platform:      win32
[debug] [2026-09-15T20:48:46.950Z] Node Version:  v22.18.0
[debug] [2026-09-15T20:48:46.950Z] Detected Agent: unknown
[debug] [2026-09-15T20:48:46.951Z] Time:          Wed Sep 16 2026 02:18:46 GMT+0530 (India Standard Time)
[debug] [2026-09-15T20:48:46.951Z] ----------------------------------------------------------------------
[debug] 
[info] 
     ######## #### ########  ######## ########     ###     ######  ########
     ##        ##  ##     ## ##       ##     ##  ##   ##  ##       ##
     ######    ##  ########  ######   ########  #########  ######  ######
     ##        ##  ##    ##  ##       ##     ## ##     ##       ## ##
     ##       #### ##     ## ######## ########  ##     ##  ######  ########

You're about to initialize a Firebase project in this directory:

  D:\DayToBook\Dandiya Vendor Website

[debug] [2026-09-15T20:51:29.850Z] ExitPromptError: User force closed the prompt with SIGINT
    at Interface.sigint (C:\Users\ABHISHEK\AppData\Roaming\npm\node_modules\firebase-tools\node_modules\@inquirer\core\dist\commonjs\lib\create-prompt.js:101:37)
    at Interface.emit (node:events:518:28)
    at [_ttyWrite] [as _ttyWrite] (node:internal/readline/interface:1132:18)
    at ReadStream.onkeypress (node:internal/readline/interface:271:20)
    at ReadStream.emit (node:events:530:35)
    at emitKeys (node:internal/readline/utils:370:14)
    at emitKeys.next (<anonymous>)
    at ReadStream.onData (node:internal/readline/emitKeypressEvents:64:36)
    at ReadStream.emit (node:events:518:28)
    at addChunk (node:internal/streams/readable:561:12)
[error] 
[error] Error: An unexpected error has occurred.
